0100	POP	CX
0101	PUSH	CS        
0102	PUSH	CX        
0103	XOR	CX,CX     
0105	JMP	LDIV
0107	POP	CX        
0108	PUSH	CS        
0109	PUSH	CX        
010A	MOV	CX,0001   
010D	JMP	LDIV      
010F	POP	CX        
0110	PUSH	CS        
0111	PUSH	CX        
0112	MOV	CX,0002   
0115	JMP	LDIV      
0117	POP	CX        
0118	PUSH	CS        
0119	PUSH	CX        
011A	MOV	CX,0003
LDIV:
011D	PUSH	BP        
011E	PUSH	SI        
011F	PUSH	DI        
0120	MOV	BP,SP     
0122	MOV	DI,CX     
0124	MOV	AX,[BP+0A]
0127	MOV	DX,[BP+0C]
012A	MOV	BX,[BP+0E]
012D	MOV	CX,[BP+10]
0130	OR	CX,CX     
0132	JNZ	NOTSIGNED
0134	OR	DX,DX     
0136	JZ	DO16BITDIV
0138	OR	BX,BX     
013A	JZ	DO16BITDIV
NOTSIGNED:
013C	TEST	DI,0001   
0140	JNZ	015E      
0142	OR	DX,DX     
0144	JNS	0150      
0146	NEG	DX        
0148	NEG	AX        
014A	SBB	DX,+00    
014D	OR	DI,+0C    
0150	OR	CX,CX     
0152	JNS	015E      
0154	NEG	CX        
0156	NEG	BX        
0158	SBB	CX,+00    
015B	XOR	DI,+04    
015E	MOV	BP,CX     
0160	MOV	CX,0020   
0163	PUSH	DI        
0164	XOR	DI,DI     
0166	XOR	SI,SI     
0168	SHL	AX,1      
016A	RCL	DX,1      
016C	RCL	SI,1      
016E	RCL	DI,1      
0170	CMP	DI,BP     
0172	JB	017F      
0174	JA	017A      
0176	CMP	SI,BX     
0178	JB	017F      
017A	SUB	SI,BX     
017C	SBB	DI,BP     
017E	INC	AX        
017F	LOOP	0168      
0181	POP	BX        
0182	TEST	BX,0002   
0186	JZ	018E      
0188	MOV	AX,SI     
018A	MOV	DX,DI     
018C	SHR	BX,1      
018E	TEST	BX,0004   
0192	JZ	019B      
0194	NEG	DX        
0196	NEG	AX        
0198	SBB	DX,+00    
019B	POP	DI        
019C	POP	SI        
019D	POP	BP        
019E	RETF	0008
DO16BITDIV:
01A1	DIV	BX        
01A3	TEST	DI,0002   
01A7	JZ	01AA      
01A9	XCHG	DX,AX     
01AA	XOR	DX,DX     
01AC	JMP	019B      
01AE	NOP	          


