
 Start  Stop   Length Name               Class

 00000H 06F73H 06F74H _TEXT              CODE
 06F80H 075B4H 00635H MEMORY             CODE
 075C0H 080AFH 00AF0H DOS                CODE
 080B0H 0874CH 0069DH MENUCSEG           CODE
 08750H 0890DH 001BEH FILEDLGCSEG        CODE
 08910H 08962H 00053H CSOUND             CODE
 08970H 08B72H 00203H KDEVCODE           CODE
 08B80H 08DCBH 0024CH TIMERDEVCODE       CODE
 08DD0H 09461H 00692H TEXTEDITCODE       CODE
 09470H 094C1H 00052H CMATH              CODE
 094D0H 094DDH 0000EH CDEBUGGER          CODE
 094E0H 097D2H 002F3H CMOUSE             CODE
 097E0H 09F10H 00731H DIALOGCSEG         CODE
 09F20H 0AB0BH 00BECH OBJECTCSEG         CODE
 0AB10H 0C052H 01543H WINCSEG            CODE
 0C060H 0C4ABH 0044CH CREFRESH           CODE
 0C4B0H 0C8EFH 00440H EVENTCSEG          CODE
 0C8F0H 10469H 03B7AH _BGI_TEXT          CODE
 10470H 10470H 00000H _FARDATA           FAR_DATA
 10470H 104BDH 0004EH TEST5_DATA         FAR_DATA
 104C0H 104D4H 00015H TEST6_DATA         FAR_DATA
 104E0H 10C8DH 007AEH RSRCDATA           FAR_DATA
 10C90H 10F4FH 002C0H EVENTHANDLER       FAR_DATA
 10F50H 10FAFH 00060H INITSTART          FAR_DATA
 10FB0H 10FC7H 00018H DMEMORY            FAR_DATA
 10FD0H 1104FH 00080H INITEND            FAR_DATA
 11050H 11091H 00042H MENUDSEG           FAR_DATA
 110A0H 117E0H 00741H FILEDLGDSEG        FAR_DATA
 117F0H 117F0H 00000H DSOUND             FAR_DATA
 117F0H 11807H 00018H KDEVDATA           FAR_DATA
 11810H 1181FH 00010H TIMERDEVDATA       FAR_DATA
 11820H 1183FH 00020H GRAFCHANGE         FAR_DATA
 11840H 1196FH 00130H DIALOGDSEG         FAR_DATA
 11970H 119DFH 00070H OBJECTDRAW         FAR_DATA
 119E0H 11A4FH 00070H OBJECTSIZE         FAR_DATA
 11A50H 11AC7H 00078H OBJECTBITMAPS      FAR_DATA
 11AD0H 11B1FH 00050H WINOBJECTSIZE      FAR_DATA
 11B20H 11B6FH 00050H ADDWINOBJECTS      FAR_DATA
 11B70H 11BAFH 00040H WINDSEG            FAR_DATA
 11BB0H 1243FH 00890H EVENTDSEG          FAR_DATA
 12440H 12440H 00000H _FARBSS            FAR_BSS
 12440H 12440H 00000H _OVERLAY_          OVRINFO
 12440H 12440H 00000H _1STUB_            STUBSEG
 12440H 15475H 03036H _DATA              DATA
 15476H 15477H 00002H _CVTSEG            DATA
 15478H 1547DH 00006H _SCNSEG            DATA
 1547EH 1547EH 00000H GRAPH              DATA
 1547EH 1547EH 00000H _CONST             CONST
 1547EH 15495H 00018H _INIT_             INITDATA
 15496H 15496H 00000H _INITEND_          INITDATA
 15496H 154A1H 0000CH _EXIT_             EXITDATA
 154A2H 154A2H 00000H _EXITEND_          EXITDATA
 154A2H 156C3H 00222H _BSS               BSS
 156C4H 156C4H 00000H _BSSEND            BSSEND
 156D0H 1574FH 00080H _STACK             STACK


Detailed map of segments

 0040:0000 001F C=       S=BIOSSEG        G=<none> M=KEYBOARD   ACBP=00
 0000:0000 0470 C=       S=ZSEG           G=<none> M=SOUND      ACBP=00
 0000:0000 0024 C=       S=ZSEG           G=<none> M=KEYBOARD   ACBP=00
 0000:0000 0024 C=       S=ZSEG           G=<none> M=TIMER      ACBP=00
 0000:0000 008C C=       S=DPSPSEG        G=<none> M=MEMORY     ACBP=00
 0000:0000 0293 C=CODE   S=_TEXT          G=(none)  M=C0.ASM     ACBP=28
 0000:0293 02A8 C=CODE   S=_TEXT          G=(none)  M=TEST.C     ACBP=28
 0000:053C 005A C=CODE   S=_TEXT          G=(none)  M=MYMALLOC   ACBP=48
 0000:0596 0015 C=CODE   S=_TEXT          G=(none)  M=_ABORT     ACBP=28
 0000:05AB 0010 C=CODE   S=_TEXT          G=(none)  M=ABORT      ACBP=28
 0000:05BB 0028 C=CODE   S=_TEXT          G=(none)  M=ATEXIT     ACBP=28
 0000:05E3 0010 C=CODE   S=_TEXT          G=(none)  M=DEL        ACBP=28
 0000:05F3 0010 C=CODE   S=_TEXT          G=(none)  M=DELARRAY   ACBP=28
 0000:0603 0024 C=CODE   S=_TEXT          G=(none)  M=DELF       ACBP=28
 0000:0627 0014 C=CODE   S=_TEXT          G=(none)  M=DELFARRY   ACBP=28
 0000:063B 001F C=CODE   S=_TEXT          G=(none)  M=ERRORMSG   ACBP=28
 0000:065A 00A0 C=CODE   S=_TEXT          G=(none)  M=EXIT       ACBP=28
 0000:06FA 0000 C=CODE   S=_TEXT          G=(none)  M=FILES      ACBP=28
 0000:06FA 0000 C=CODE   S=_TEXT          G=(none)  M=FILES2     ACBP=28
 0000:06FA 0017 C=CODE   S=_TEXT          G=(none)  M=F_LXMUL    ACBP=28
 0000:0711 001C C=CODE   S=_TEXT          G=(none)  M=F_SCOPY    ACBP=28
 0000:072D 0028 C=CODE   S=_TEXT          G=(none)  M=GETVECT    ACBP=28
 0000:0755 00AE C=CODE   S=_TEXT          G=(none)  M=H_LDIV     ACBP=28
 0000:0803 0021 C=CODE   S=_TEXT          G=(none)  M=H_LLSH     ACBP=28
 0000:0824 0060 C=CODE   S=_TEXT          G=(none)  M=H_PADD     ACBP=28
 0000:0884 0028 C=CODE   S=_TEXT          G=(none)  M=H_PSBP     ACBP=28
 0000:08AC 0000 C=CODE   S=_TEXT          G=(none)  M=HEAPLEN    ACBP=28
 0000:08AC 0052 C=CODE   S=_TEXT          G=(none)  M=IOERROR    ACBP=28
 0000:08FE 0015 C=CODE   S=_TEXT          G=(none)  M=ISATTY     ACBP=28
 0000:0913 009E C=CODE   S=_TEXT          G=(none)  M=LONGTOA    ACBP=28
 0000:09B1 002D C=CODE   S=_TEXT          G=(none)  M=LSEEK      ACBP=28
 0000:09DE 0288 C=CODE   S=_TEXT          G=(none)  M=NEW        ACBP=28
 0000:0C66 0017 C=CODE   S=_TEXT          G=(none)  M=N_LXMUL    ACBP=28
 0000:0C7D 0021 C=CODE   S=_TEXT          G=(none)  M=N_PCMP     ACBP=28
 0000:0C9E 009B C=CODE   S=_TEXT          G=(none)  M=SETUPIO    ACBP=28
 0000:0D39 0000 C=CODE   S=_TEXT          G=(none)  M=SIGDATA    ACBP=28
 0000:0D39 0000 C=CODE   S=_TEXT          G=(none)  M=STKLEN     ACBP=28
 0000:0D39 04CB C=CODE   S=_TEXT          G=(none)  M=VPRINTER   ACBP=28
 0000:1204 0085 C=CODE   S=_TEXT          G=(none)  M=XXAS       ACBP=28
 0000:1289 0256 C=CODE   S=_TEXT          G=(none)  M=XXV        ACBP=28
 0000:14DF 007F C=CODE   S=_TEXT          G=(none)  M=BRK        ACBP=28
 0000:155E 005C C=CODE   S=_TEXT          G=(none)  M=CPUTYPE    ACBP=28
 0000:15BA 041C C=CODE   S=_TEXT          G=(none)  M=FARHEAP    ACBP=28
 0000:19D6 015E C=CODE   S=_TEXT          G=(none)  M=FBRK       ACBP=28
 0000:1B34 0050 C=CODE   S=_TEXT          G=(none)  M=FCORELFT   ACBP=28
 0000:1B84 0010 C=CODE   S=_TEXT          G=(none)  M=GEXIT      ACBP=28
 0000:1B94 0010 C=CODE   S=_TEXT          G=(none)  M=GFREEMEM   ACBP=28
 0000:1BA4 0012 C=CODE   S=_TEXT          G=(none)  M=GGETMEM    ACBP=28
 0000:1BB6 0277 C=CODE   S=_TEXT          G=(none)  M=NEARHEAP   ACBP=28
 0000:1E2D 0363 C=CODE   S=_TEXT          G=(none)  M=SIGNAL     ACBP=28
 0000:2190 0091 C=CODE   S=_TEXT          G=(none)  M=FFLUSH     ACBP=28
 0000:2221 0042 C=CODE   S=_TEXT          G=(none)  M=FLUSHALL   ACBP=28
 0000:2263 0046 C=CODE   S=_TEXT          G=(none)  M=FPUTS      ACBP=28
 0000:22A9 01A6 C=CODE   S=_TEXT          G=(none)  M=FSEEK      ACBP=28
 0000:244F 001F C=CODE   S=_TEXT          G=(none)  M=MEMCPY     ACBP=28
 0000:246E 0043 C=CODE   S=_TEXT          G=(none)  M=MEMSET     ACBP=28
 0000:24B1 0064 C=CODE   S=_TEXT          G=(none)  M=MOVMEM     ACBP=28
 0000:2515 006E C=CODE   S=_TEXT          G=(none)  M=PERROR     ACBP=28
 0000:2583 0328 C=CODE   S=_TEXT          G=(none)  M=PUTC       ACBP=28
 0000:28AB 00E5 C=CODE   S=_TEXT          G=(none)  M=SETVBUF    ACBP=28
 0000:2990 006A C=CODE   S=_TEXT          G=(none)  M=SPRINTF    ACBP=28
 0000:29FA 001C C=CODE   S=_TEXT          G=(none)  M=STRLEN     ACBP=28
 0000:2A16 0125 C=CODE   S=_TEXT          G=(none)  M=WRITE      ACBP=28
 0000:2B3B 0055 C=CODE   S=_TEXT          G=(none)  M=WRITEA     ACBP=28
 0000:2B90 0035 C=CODE   S=_TEXT          G=(none)  M=XFFLUSH    ACBP=28
 0000:2BC5 01B5 C=CODE   S=_TEXT          G=(none)  M=XALLOC     ACBP=28
 0000:2D7A 030F C=CODE   S=_TEXT          G=(none)  M=XMSG       ACBP=28
 0000:3089 3072 C=CODE   S=_TEXT          G=(none)  M=XX         ACBP=28
 0000:60FB 001F C=CODE   S=_TEXT          G=(none)  M=CVTFAK     ACBP=28
 0000:611A 0004 C=CODE   S=_TEXT          G=(none)  M=REALCVT    ACBP=28
 0000:611E 0020 C=CODE   S=_TEXT          G=(none)  M=SETBLOCK   ACBP=28
 0000:613E 0118 C=CODE   S=_TEXT          G=(none)  M=CTOR2      ACBP=28
 0000:6256 0296 C=CODE   S=_TEXT          G=(none)  M=CTOR3      ACBP=28
 0000:64EC 09C4 C=CODE   S=_TEXT          G=(none)  M=STRINGS    ACBP=28
 0000:6EB0 0028 C=CODE   S=_TEXT          G=(none)  M=FMEMCMP    ACBP=28
 0000:6ED8 0024 C=CODE   S=_TEXT          G=(none)  M=FMEMCPY    ACBP=28
 0000:6EFC 0048 C=CODE   S=_TEXT          G=(none)  M=FMEMSET    ACBP=28
 0000:6F44 0030 C=CODE   S=_TEXT          G=(none)  M=FSTRCMP    ACBP=28
 06F8:0000 0635 C=CODE   S=MEMORY         G=(none)  M=MEMORY     ACBP=68
 075C:0000 0AF0 C=CODE   S=DOS            G=(none)  M=DOS        ACBP=68
 080B:0000 069D C=CODE   S=MENUCSEG       G=(none)  M=MENU       ACBP=60
 0875:0000 01BE C=CODE   S=FILEDLGCSEG    G=(none)  M=FILEDLG    ACBP=68
 0891:0000 0053 C=CODE   S=CSOUND         G=(none)  M=SOUND      ACBP=68
 0897:0000 0203 C=CODE   S=KDEVCODE       G=(none)  M=KEYBOARD   ACBP=68
 08B8:0000 024C C=CODE   S=TIMERDEVCODE   G=(none)  M=TIMER      ACBP=68
 08DD:0000 0692 C=CODE   S=TEXTEDITCODE   G=(none)  M=TEXTEDIT   ACBP=68
 0947:0000 0052 C=CODE   S=CMATH          G=(none)  M=MATH       ACBP=68
 094D:0000 000E C=CODE   S=CDEBUGGER      G=(none)  M=DEBUGGER   ACBP=68
 094E:0000 02F3 C=CODE   S=CMOUSE         G=(none)  M=MOUSE      ACBP=68
 097E:0000 0731 C=CODE   S=DIALOGCSEG     G=(none)  M=DIALOG     ACBP=68
 09F2:0000 0BEC C=CODE   S=OBJECTCSEG     G=(none)  M=OBJECT     ACBP=60
 0AB1:0000 1543 C=CODE   S=WINCSEG        G=(none)  M=WINDOW     ACBP=60
 0C06:0000 044C C=CODE   S=CREFRESH       G=(none)  M=REFRESH    ACBP=68
 0C4B:0000 0440 C=CODE   S=EVENTCSEG      G=(none)  M=EVENTS     ACBP=60
 0C8F:0000 17C4 C=CODE   S=_BGI_TEXT      G=(none)  M=GRAPHC     ACBP=28
 0C8F:17C4 0A27 C=CODE   S=_BGI_TEXT      G=(none)  M=GRAPH      ACBP=28
 0C8F:21F0 198A C=CODE   S=_BGI_TEXT      G=(none)  M=BGIOVR     ACBP=68
 1047:0000 0000 C=FAR_DATA S=_FARDATA       G=(none)  M=C0.ASM     ACBP=68
 1047:0000 004E C=FAR_DATA S=TEST5_DATA     G=(none)  M=TEST.C     ACBP=68
 104C:0000 0015 C=FAR_DATA S=TEST6_DATA     G=(none)  M=TEST.C     ACBP=68
 104E:0000 07AE C=FAR_DATA S=RSRCDATA       G=(none)  M=TEST.RSA   ACBP=68
 10C9:0000 0010 C=FAR_DATA S=EVENTHANDLER   G=(none)  M=TEST.RSA   ACBP=68
 10C9:0010 0070 C=FAR_DATA S=EVENTHANDLER   G=(none)  M=MENU       ACBP=68
 10C9:0080 0010 C=FAR_DATA S=EVENTHANDLER   G=(none)  M=FILEDLG    ACBP=68
 10C9:0090 0010 C=FAR_DATA S=EVENTHANDLER   G=(none)  M=KEYBOARD   ACBP=68
 10C9:00A0 0020 C=FAR_DATA S=EVENTHANDLER   G=(none)  M=TIMER      ACBP=68
 10C9:00C0 0050 C=FAR_DATA S=EVENTHANDLER   G=(none)  M=TEXTEDIT   ACBP=68
 10C9:0110 0010 C=FAR_DATA S=EVENTHANDLER   G=(none)  M=MOUSE      ACBP=68
 10C9:0120 0050 C=FAR_DATA S=EVENTHANDLER   G=(none)  M=DIALOG     ACBP=68
 10C9:0170 0010 C=FAR_DATA S=EVENTHANDLER   G=(none)  M=OBJECT     ACBP=68
 10C9:0180 0060 C=FAR_DATA S=EVENTHANDLER   G=(none)  M=WINDOW     ACBP=68
 10C9:01E0 0010 C=FAR_DATA S=EVENTHANDLER   G=(none)  M=REFRESH    ACBP=68
 10C9:01F0 00D0 C=FAR_DATA S=EVENTHANDLER   G=(none)  M=EVENTS     ACBP=68
 10F5:0000 0010 C=FAR_DATA S=INITSTART      G=(none)  M=MEMORY     ACBP=68
 10F5:0010 0010 C=FAR_DATA S=INITSTART      G=(none)  M=DOS        ACBP=68
 10F5:0020 0010 C=FAR_DATA S=INITSTART      G=(none)  M=KEYBOARD   ACBP=68
 10F5:0030 0010 C=FAR_DATA S=INITSTART      G=(none)  M=TIMER      ACBP=68
 10F5:0040 0000 C=FAR_DATA S=INITSTART      G=(none)  M=TEXTEDIT   ACBP=68
 10F5:0040 0000 C=FAR_DATA S=INITSTART      G=(none)  M=OBJECT     ACBP=68
 10F5:0040 0020 C=FAR_DATA S=INITSTART      G=(none)  M=EVENTS     ACBP=68
 10FB:0000 0018 C=FAR_DATA S=DMEMORY        G=(none)  M=MEMORY     ACBP=68
 10FD:0000 0010 C=FAR_DATA S=INITEND        G=(none)  M=MEMORY     ACBP=68
 10FD:0010 0010 C=FAR_DATA S=INITEND        G=(none)  M=MENU       ACBP=68
 10FD:0020 0010 C=FAR_DATA S=INITEND        G=(none)  M=KEYBOARD   ACBP=68
 10FD:0030 0010 C=FAR_DATA S=INITEND        G=(none)  M=TIMER      ACBP=68
 10FD:0040 0000 C=FAR_DATA S=INITEND        G=(none)  M=TEXTEDIT   ACBP=68
 10FD:0040 0010 C=FAR_DATA S=INITEND        G=(none)  M=MOUSE      ACBP=68
 10FD:0050 0000 C=FAR_DATA S=INITEND        G=(none)  M=OBJECT     ACBP=68
 10FD:0050 0010 C=FAR_DATA S=INITEND        G=(none)  M=WINDOW     ACBP=68
 10FD:0060 0020 C=FAR_DATA S=INITEND        G=(none)  M=EVENTS     ACBP=68
 1105:0000 0042 C=FAR_DATA S=MENUDSEG       G=(none)  M=MENU       ACBP=60
 110A:0000 0741 C=FAR_DATA S=FILEDLGDSEG    G=(none)  M=FILEDLG    ACBP=68
 117F:0000 0000 C=FAR_DATA S=DSOUND         G=(none)  M=SOUND      ACBP=68
 117F:0000 0018 C=FAR_DATA S=KDEVDATA       G=(none)  M=KEYBOARD   ACBP=68
 1181:0000 0010 C=FAR_DATA S=TIMERDEVDATA   G=(none)  M=TIMER      ACBP=68
 1181:0010 0000 C=FAR_DATA S=TIMERDEVDATA   G=(none)  M=TEXTEDIT   ACBP=68
 1182:0000 0020 C=FAR_DATA S=GRAFCHANGE     G=(none)  M=MOUSE      ACBP=68
 1182:0020 0000 C=FAR_DATA S=GRAFCHANGE     G=(none)  M=OBJECT     ACBP=68
 1184:0000 0130 C=FAR_DATA S=DIALOGDSEG     G=(none)  M=DIALOG     ACBP=68
 1197:0000 0070 C=FAR_DATA S=OBJECTDRAW     G=(none)  M=OBJECT     ACBP=68
 119E:0000 0070 C=FAR_DATA S=OBJECTSIZE     G=(none)  M=OBJECT     ACBP=68
 11A5:0000 0078 C=FAR_DATA S=OBJECTBITMAPS  G=(none)  M=OBJECT     ACBP=68
 11AD:0000 0050 C=FAR_DATA S=WINOBJECTSIZE  G=(none)  M=WINDOW     ACBP=68
 11B2:0000 0050 C=FAR_DATA S=ADDWINOBJECTS  G=(none)  M=WINDOW     ACBP=68
 11B7:0000 0040 C=FAR_DATA S=WINDSEG        G=(none)  M=WINDOW     ACBP=68
 11BB:0000 0890 C=FAR_DATA S=EVENTDSEG      G=(none)  M=EVENTS     ACBP=68
 1244:0000 0000 C=FAR_BSS S=_FARBSS        G=(none)  M=C0.ASM     ACBP=68
 1244:0000 0000 C=OVRINFO S=_OVERLAY_      G=(none)  M=C0.ASM     ACBP=68
 1244:0000 0000 C=STUBSEG S=_1STUB_        G=(none)  M=C0.ASM     ACBP=68
 1244:0000 00A8 C=DATA   S=_DATA          G=DGROUP  M=C0.ASM     ACBP=68
 1244:00A8 00BF C=DATA   S=_DATA          G=DGROUP  M=TEST.C     ACBP=48
 1244:0170 000B C=DATA   S=_DATA          G=DGROUP  M=MEMORY     ACBP=68
 1244:0180 0057 C=DATA   S=_DATA          G=DGROUP  M=DOS        ACBP=68
 1244:01E0 0000 C=DATA   S=_DATA          G=DGROUP  M=MENU       ACBP=68
 1244:01E0 0000 C=DATA   S=_DATA          G=DGROUP  M=FILEDLG    ACBP=68
 1244:01E0 0264 C=DATA   S=_DATA          G=DGROUP  M=TEXTEDIT   ACBP=68
 1244:0450 0000 C=DATA   S=_DATA          G=DGROUP  M=DEBUGGER   ACBP=68
 1244:0450 0000 C=DATA   S=_DATA          G=DGROUP  M=MYMALLOC   ACBP=68
 1244:0450 0128 C=DATA   S=_DATA          G=DGROUP  M=MOUSE      ACBP=68
 1244:0580 0000 C=DATA   S=_DATA          G=DGROUP  M=DIALOG     ACBP=68
 1244:0580 1D47 C=DATA   S=_DATA          G=DGROUP  M=OBJECT     ACBP=68
 1244:22D0 0000 C=DATA   S=_DATA          G=DGROUP  M=WINDOW     ACBP=68
 1244:22D0 0024 C=DATA   S=_DATA          G=DGROUP  M=REFRESH    ACBP=68
 1244:22F4 0006 C=DATA   S=_DATA          G=DGROUP  M=GLOAD      ACBP=48
 1244:22FA 065B C=DATA   S=_DATA          G=DGROUP  M=GRAPHC     ACBP=48
 1244:2956 000B C=DATA   S=_DATA          G=DGROUP  M=GRAPH      ACBP=48
 1244:2962 001F C=DATA   S=_DATA          G=DGROUP  M=_ABORT     ACBP=48
 1244:2982 0000 C=DATA   S=_DATA          G=DGROUP  M=ABORT      ACBP=48
 1244:2982 0002 C=DATA   S=_DATA          G=DGROUP  M=ATEXIT     ACBP=48
 1244:2984 0000 C=DATA   S=_DATA          G=DGROUP  M=DEL        ACBP=48
 1244:2984 0000 C=DATA   S=_DATA          G=DGROUP  M=DELARRAY   ACBP=48
 1244:2984 0000 C=DATA   S=_DATA          G=DGROUP  M=DELF       ACBP=48
 1244:2984 0000 C=DATA   S=_DATA          G=DGROUP  M=DELFARRY   ACBP=48
 1244:2984 0000 C=DATA   S=_DATA          G=DGROUP  M=ERRORMSG   ACBP=48
 1244:2984 0006 C=DATA   S=_DATA          G=DGROUP  M=EXIT       ACBP=48
 1244:298A 0140 C=DATA   S=_DATA          G=DGROUP  M=FILES      ACBP=48
 1244:2ACA 002A C=DATA   S=_DATA          G=DGROUP  M=FILES2     ACBP=48
 1244:2AF4 0000 C=DATA   S=_DATA          G=DGROUP  M=F_LXMUL    ACBP=48
 1244:2AF4 0000 C=DATA   S=_DATA          G=DGROUP  M=F_SCOPY    ACBP=48
 1244:2AF4 0000 C=DATA   S=_DATA          G=DGROUP  M=GETVECT    ACBP=48
 1244:2AF4 0000 C=DATA   S=_DATA          G=DGROUP  M=H_LDIV     ACBP=48
 1244:2AF4 0000 C=DATA   S=_DATA          G=DGROUP  M=H_LLSH     ACBP=48
 1244:2AF4 0000 C=DATA   S=_DATA          G=DGROUP  M=H_PADD     ACBP=48
 1244:2AF4 0000 C=DATA   S=_DATA          G=DGROUP  M=H_PSBP     ACBP=48
 1244:2AF4 0002 C=DATA   S=_DATA          G=DGROUP  M=HEAPLEN    ACBP=48
 1244:2AF6 005B C=DATA   S=_DATA          G=DGROUP  M=IOERROR    ACBP=48
 1244:2B52 0000 C=DATA   S=_DATA          G=DGROUP  M=ISATTY     ACBP=48
 1244:2B52 0000 C=DATA   S=_DATA          G=DGROUP  M=LONGTOA    ACBP=48
 1244:2B52 0000 C=DATA   S=_DATA          G=DGROUP  M=LSEEK      ACBP=48
 1244:2B52 0014 C=DATA   S=_DATA          G=DGROUP  M=NEW        ACBP=48
 1244:2B66 0000 C=DATA   S=_DATA          G=DGROUP  M=N_LXMUL    ACBP=48
 1244:2B66 0000 C=DATA   S=_DATA          G=DGROUP  M=N_PCMP     ACBP=48
 1244:2B66 0000 C=DATA   S=_DATA          G=DGROUP  M=SETUPIO    ACBP=48
 1244:2B66 0000 C=DATA   S=_DATA          G=DGROUP  M=SIGDATA    ACBP=48
 1244:2B66 0002 C=DATA   S=_DATA          G=DGROUP  M=STKLEN     ACBP=48
 1244:2B68 0067 C=DATA   S=_DATA          G=DGROUP  M=VPRINTER   ACBP=48
 1244:2BD0 0000 C=DATA   S=_DATA          G=DGROUP  M=XXAS       ACBP=48
 1244:2BD0 0120 C=DATA   S=_DATA          G=DGROUP  M=XXV        ACBP=48
 1244:2CF0 0000 C=DATA   S=_DATA          G=DGROUP  M=BRK        ACBP=48
 1244:2CF0 0002 C=DATA   S=_DATA          G=DGROUP  M=CPUTYPE    ACBP=48
 1244:2CF2 0000 C=DATA   S=_DATA          G=DGROUP  M=FARHEAP    ACBP=48
 1244:2CF2 0002 C=DATA   S=_DATA          G=DGROUP  M=FBRK       ACBP=48
 1244:2CF4 0000 C=DATA   S=_DATA          G=DGROUP  M=FCORELFT   ACBP=48
 1244:2CF4 0000 C=DATA   S=_DATA          G=DGROUP  M=GEXIT      ACBP=48
 1244:2CF4 0000 C=DATA   S=_DATA          G=DGROUP  M=GFREEMEM   ACBP=48
 1244:2CF4 0000 C=DATA   S=_DATA          G=DGROUP  M=GGETMEM    ACBP=48
 1244:2CF4 0006 C=DATA   S=_DATA          G=DGROUP  M=NEARHEAP   ACBP=48
 1244:2CFA 001B C=DATA   S=_DATA          G=DGROUP  M=SIGNAL     ACBP=48
 1244:2D16 0000 C=DATA   S=_DATA          G=DGROUP  M=FFLUSH     ACBP=48
 1244:2D16 0000 C=DATA   S=_DATA          G=DGROUP  M=FLUSHALL   ACBP=48
 1244:2D16 0000 C=DATA   S=_DATA          G=DGROUP  M=FPUTS      ACBP=48
 1244:2D16 0000 C=DATA   S=_DATA          G=DGROUP  M=FSEEK      ACBP=48
 1244:2D16 0000 C=DATA   S=_DATA          G=DGROUP  M=MEMCPY     ACBP=48
 1244:2D16 0000 C=DATA   S=_DATA          G=DGROUP  M=MEMSET     ACBP=48
 1244:2D16 0000 C=DATA   S=_DATA          G=DGROUP  M=MOVMEM     ACBP=48
 1244:2D16 0270 C=DATA   S=_DATA          G=DGROUP  M=PERROR     ACBP=48
 1244:2F86 0001 C=DATA   S=_DATA          G=DGROUP  M=PUTC       ACBP=48
 1244:2F88 0004 C=DATA   S=_DATA          G=DGROUP  M=SETVBUF    ACBP=48
 1244:2F8C 0000 C=DATA   S=_DATA          G=DGROUP  M=SPRINTF    ACBP=48
 1244:2F8C 0000 C=DATA   S=_DATA          G=DGROUP  M=STRLEN     ACBP=48
 1244:2F8C 0000 C=DATA   S=_DATA          G=DGROUP  M=WRITE      ACBP=48
 1244:2F8C 0000 C=DATA   S=_DATA          G=DGROUP  M=WRITEA     ACBP=48
 1244:2F8C 0000 C=DATA   S=_DATA          G=DGROUP  M=XFFLUSH    ACBP=48
 1244:2F8C 0000 C=DATA   S=_DATA          G=DGROUP  M=XALLOC     ACBP=48
 1244:2F8C 0000 C=DATA   S=_DATA          G=DGROUP  M=XMSG       ACBP=48
 1244:2F8C 0012 C=DATA   S=_DATA          G=DGROUP  M=XX         ACBP=48
 1244:2F9E 0031 C=DATA   S=_DATA          G=DGROUP  M=CVTFAK     ACBP=48
 1244:2FD0 0000 C=DATA   S=_DATA          G=DGROUP  M=REALCVT    ACBP=48
 1244:2FD0 0000 C=DATA   S=_DATA          G=DGROUP  M=SETBLOCK   ACBP=48
 1244:2FD0 0000 C=DATA   S=_DATA          G=DGROUP  M=CTOR2      ACBP=48
 1244:2FD0 0000 C=DATA   S=_DATA          G=DGROUP  M=CTOR3      ACBP=48
 1244:2FD0 0066 C=DATA   S=_DATA          G=DGROUP  M=STRINGS    ACBP=48
 1244:3036 0000 C=DATA   S=_DATA          G=DGROUP  M=FMEMCMP    ACBP=48
 1244:3036 0000 C=DATA   S=_DATA          G=DGROUP  M=FMEMCPY    ACBP=48
 1244:3036 0000 C=DATA   S=_DATA          G=DGROUP  M=FMEMSET    ACBP=48
 1244:3036 0000 C=DATA   S=_DATA          G=DGROUP  M=FSTRCMP    ACBP=48
 1244:3036 0000 C=DATA   S=_CVTSEG        G=DGROUP  M=C0.ASM     ACBP=48
 1244:3036 0002 C=DATA   S=_CVTSEG        G=DGROUP  M=CVTFAK     ACBP=48
 1244:3038 0000 C=DATA   S=_CVTSEG        G=DGROUP  M=REALCVT    ACBP=48
 1244:3038 0000 C=DATA   S=_SCNSEG        G=DGROUP  M=C0.ASM     ACBP=48
 1244:3038 0006 C=DATA   S=_SCNSEG        G=DGROUP  M=CVTFAK     ACBP=48
 1244:303E 0000 C=DATA   S=GRAPH          G=DGROUP  M=GRAPHC     ACBP=48
 1244:303E 0000 C=CONST  S=_CONST         G=DGROUP  M=C0.ASM     ACBP=48
 1244:303E 0000 C=INITDATA S=_INIT_         G=DGROUP  M=C0.ASM     ACBP=48
 1244:303E 0006 C=INITDATA S=_INIT_         G=DGROUP  M=MEMORY     ACBP=48
 1244:3044 0006 C=INITDATA S=_INIT_         G=DGROUP  M=NEW        ACBP=48
 1244:304A 0006 C=INITDATA S=_INIT_         G=DGROUP  M=SETUPIO    ACBP=48
 1244:3050 0006 C=INITDATA S=_INIT_         G=DGROUP  M=CPUTYPE    ACBP=48
 1244:3056 0000 C=INITDATA S=_INITEND_      G=DGROUP  M=C0.ASM     ACBP=28
 1244:3056 0000 C=EXITDATA S=_EXIT_         G=DGROUP  M=C0.ASM     ACBP=48
 1244:3056 0006 C=EXITDATA S=_EXIT_         G=DGROUP  M=MEMORY     ACBP=48
 1244:305C 0006 C=EXITDATA S=_EXIT_         G=DGROUP  M=NEW        ACBP=48
 1244:3062 0000 C=EXITDATA S=_EXITEND_      G=DGROUP  M=C0.ASM     ACBP=28
 1244:3062 0000 C=BSS    S=_BSS           G=DGROUP  M=C0.ASM     ACBP=48
 1244:3062 00CE C=BSS    S=_BSS           G=DGROUP  M=TEST.C     ACBP=48
 1244:3130 0040 C=BSS    S=_BSS           G=DGROUP  M=ATEXIT     ACBP=48
 1244:3170 0000 C=BSS    S=_BSS           G=DGROUP  M=GETVECT    ACBP=48
 1244:3170 0000 C=BSS    S=_BSS           G=DGROUP  M=IOERROR    ACBP=48
 1244:3170 0000 C=BSS    S=_BSS           G=DGROUP  M=ISATTY     ACBP=48
 1244:3170 0000 C=BSS    S=_BSS           G=DGROUP  M=LONGTOA    ACBP=48
 1244:3170 0000 C=BSS    S=_BSS           G=DGROUP  M=LSEEK      ACBP=48
 1244:3170 0000 C=BSS    S=_BSS           G=DGROUP  M=NEW        ACBP=48
 1244:3170 0000 C=BSS    S=_BSS           G=DGROUP  M=SETUPIO    ACBP=48
 1244:3170 0002 C=BSS    S=_BSS           G=DGROUP  M=SIGDATA    ACBP=48
 1244:3172 0000 C=BSS    S=_BSS           G=DGROUP  M=VPRINTER   ACBP=48
 1244:3172 0000 C=BSS    S=_BSS           G=DGROUP  M=XXAS       ACBP=48
 1244:3172 0002 C=BSS    S=_BSS           G=DGROUP  M=XXV        ACBP=48
 1244:3174 0000 C=BSS    S=_BSS           G=DGROUP  M=BRK        ACBP=48
 1244:3174 0008 C=BSS    S=_BSS           G=DGROUP  M=SIGNAL     ACBP=48
 1244:317C 0000 C=BSS    S=_BSS           G=DGROUP  M=MEMCPY     ACBP=48
 1244:317C 0000 C=BSS    S=_BSS           G=DGROUP  M=MEMSET     ACBP=48
 1244:317C 0000 C=BSS    S=_BSS           G=DGROUP  M=MOVMEM     ACBP=48
 1244:317C 0001 C=BSS    S=_BSS           G=DGROUP  M=PUTC       ACBP=48
 1244:317E 0000 C=BSS    S=_BSS           G=DGROUP  M=STRLEN     ACBP=48
 1244:317E 0000 C=BSS    S=_BSS           G=DGROUP  M=WRITEA     ACBP=48
 1244:317E 0106 C=BSS    S=_BSS           G=DGROUP  M=XX         ACBP=48
 1244:3284 0000 C=BSS    S=_BSS           G=DGROUP  M=SETBLOCK   ACBP=48
 1244:3284 0000 C=BSS    S=_BSS           G=DGROUP  M=FMEMCMP    ACBP=48
 1244:3284 0000 C=BSS    S=_BSS           G=DGROUP  M=FMEMCPY    ACBP=48
 1244:3284 0000 C=BSS    S=_BSS           G=DGROUP  M=FMEMSET    ACBP=48
 1244:3284 0000 C=BSS    S=_BSS           G=DGROUP  M=FSTRCMP    ACBP=48
 1244:3284 0000 C=BSSEND S=_BSSEND        G=DGROUP  M=C0.ASM     ACBP=28
 156D:0000 0080 C=STACK  S=_STACK         G=(none)  M=C0.ASM     ACBP=74
 156D:0080 0000 C=STACK  S=_STACK         G=(none)  M=MEMORY     ACBP=34

  Address         Publics by Name

 0000:0603       operator delete(void far*)
 0000:05E3       operator delete(void near*)
 0000:0627       operator delete[](void far*)
 0000:05F3       operator delete[](void near*)
 0000:0A73       operator new(unsigned int)
 0C8F:17C4 idle  @dgroup
 0000:0A56 idle  set_new_handler(void(near*)())
 0000:1291 idle  set_terminate(void(near*)())
 0000:1361 idle  set_unexpected(void(near*)())
 0000:6286       string::string(const char near*)
 0000:614C       string::string(const string near&)
 0000:64F6       string::~string()
 0000:65A5 idle  string::assert_element(unsigned int) const
 0000:668C idle  string::assert_index(unsigned int) const
 1244:2FD0 idle  string::case_sensitive
 1244:2FDA idle  string::freeboard
 1244:2FD6 idle  string::initial_capac
 0000:6C1E idle  string::initial_capacity(unsigned int)
 0000:6C65 idle  string::max_waste(unsigned int)
 1244:2FD2 idle  string::paranoid_check
 1244:2FD8 idle  string::resize_inc
 0000:6C3B idle  string::resize_increment(unsigned int)
 0000:6BC7 idle  string::set_case_sensitive(int)
 0000:6BE4 idle  string::set_paranoid_check(int)
 1244:2FD4 idle  string::skip_white
 0000:6C01 idle  string::skip_whitespace(int)
 0000:1289 idle  terminate()
 0000:6814       tstringref::tstringref(const char near*,unsigned int,const char near*,unsigned int,unsigned int)
 0000:68C8       tstringref::~tstringref()
 0000:6986 idle  tstringref::check_freeboard()
 0000:69EA idle  tstringref::grow_to(unsigned int)
 0000:6924 idle  tstringref::reserve(unsigned int)
 0000:6A3B idle  tstringref::round_capacity(unsigned int)
 0000:6A88 idle  tstringref::splice(unsigned int,unsigned int,const char near*,unsigned int)
 0000:6773 idle  tsubstring::assert_element(unsigned int) const
 0000:5B28 idle  typeinfo::operator =(const typeinfo near&)
 0000:5ACD idle  typeinfo::typeinfo(const typeinfo near&)
 0000:5B34 idle  typeinfo::~typeinfo()
 0000:5B5C idle  typeinfo::operator ==(const typeinfo near&) const
 0000:5B7F idle  typeinfo::operator !=(const typeinfo near&) const
 0000:5B99 idle  typeinfo::before(const typeinfo near&) const
 0000:5BFC idle  typeinfo::name() const
 0000:1359 idle  unexpected()
 0000:2BC5       xalloc::xalloc(const string near&,unsigned int)
 0000:2C2E       xalloc::raise()
 0000:2F80 idle  xmsg::operator =(const xmsg near&)
 0000:2E41       xmsg::xmsg(const xmsg near&)
 0000:2D9E       xmsg::xmsg(const string near&)
 0000:2EC2       xmsg::~xmsg()
 0000:2F1A idle  xmsg::raise()
 0000:09FA idle  xnew_handler()
 0000:4642       _catchcleanup()
 0000:3F0E idle  _rethrowexception(unsigned int,unsigned char near*)
 0000:3EBE       _throwexception(void far*,void far*,void far*,void far*,unsigned int,unsigned int,unsigned int,unsigned char near*)
 0000:5F03 idle  __dynamiccast(void far*,void far*,void far*,void far*,int)
 0000:13D9 idle  __getpolymorphicdtc(void far*,unsigned int)
 0000:143B idle  __getpolymorphicdtcfar(void far*,unsigned int)
 0000:5C15 idle  __gettypeinfo(void far*,void far*,void far*,void far*)
 0000:1204       __refdestructorcount()
 0000:120A idle  __refexceptionlist()
 0000:5AC0 idle  __throwexceptionname()
 0000:5AA6 idle  __throwfilename()
 0000:5AB3 idle  __throwlinenumber()
 0C4B:0097       ADDMSGBUFF
 0C4B:0030       ADDMSGQUEUE
 08B8:0189       ADDTIMERNOTIFY
 097E:0020 idle  ALERT
 075C:0A9C idle  ATOI
 1244:2240       BACKCOLOR
 075C:04E6 idle  BCDTODEC
 0891:0000       BEEP
 09F2:0666 idle  BGIDEFAULTS
 09F2:0923       BGIUTIL
 075C:0312 idle  BUFFGETBYTE
 075C:03AF idle  BUFFSTOREBYTE
 075C:05F8 idle  CHECKSWITCHES
 06F8:0606 idle  CLEANUP
 0C4B:02D0       CLEARMESSAGEPARMS
 09F2:0642 idle  CLEAROBJECTFLAGS
 1244:01D3 idle  CURDTAPTR
 1244:2256       CURTEXTHEIGHT
 1244:0000 idle  DATASEG@
 1244:0186 idle  DBYTEBNUM
 1244:0185 idle  DBYTEBUFF
 08B8:01EE idle  DELTIMERNOTIFY
 1244:01B0 idle  DESTMEMORY
 0000:028F idle  DGROUP@
 1184:0100 idle  DIALOGH
 1184:00FE idle  DIALOGW
 1184:00FA       DIALOGX
 1184:00FC       DIALOGY
 0947:0000       DIVU32
 097E:0309       DODIALOG
 1244:223E       DRAWCOLOR
 080B:056E idle  DRAWMENUBAR
 1244:223F       DRAWMODE
 09F2:0124       DRAWOBJECTS
 09F2:0119 idle  DRAWONEOBJECT
 156D:0080 idle  ENDSTACK
 0C4B:027C idle  EVENTMANAGER
 06F8:01D3       EXECUTERTNS
 0875:0024 idle  FILEDIALOG
 094E:01BD       FINDMOUSEDRIVER
 09F2:0AF3       FINDOBJECTID
 080B:0668 idle  FREEMENU
 0000:0758       F_LDIV@
 0000:0767 idle  F_LMOD@
 0000:075F idle  F_LUDIV@
 0000:076F idle  F_LUMOD@
 0000:0806 idle  F_LXLSH@
 0000:06FA       F_LXMUL@
 0000:0827 idle  F_PADD@
 0000:0887 idle  F_PSBP@
 0000:0856 idle  F_PSUB@
 0000:0711       F_SCOPY@
 0897:01C9 idle  GETBITMAPKEY
 075C:0284 idle  GETCHAR
 075C:0287 idle  GETCHARRTN
 09F2:005C       GETCURTEXTHEIGHT
 075C:0289 idle  GETDOSCHAR
 075C:0098 idle  GETFILESIZE
 075C:0024 idle  GETFIRSTFILENAME
 0897:0038 idle  GETKEYSWITCH
 0C4B:01FE       GETMSGBUFF
 0C4B:0139       GETMSGQUEUE
 075C:0049 idle  GETNEXTFILENAME
 0C4B:01BB       GETTEMPMSGBUFF
 0C4B:0181       GETTEMPMSGWORD
 09F2:0539       GLOBALSETCLIP
 1244:22BE       GNULLSTR
 075C:057F idle  HEXTOASC
 075C:04A2 idle  HEXTOBCD
 075C:0532       HEXTODEC
 094E:01ED       HIDEMOUSE
 06F8:0000 idle  INIT
 094E:012C idle  INITMOUSE
 117F:0012       INKEY
 1244:01A0 idle  INPDATAPTR
 1244:018C idle  INPDATARTN
 1244:01A4 idle  INPDATASIZE
 1244:0188 idle  INPFHAND
 1244:0198 idle  INPSEEKRTN
 0897:00AF idle  INSTALLKEYBD
 08B8:0006 idle  INSTALLTIMER
 11A5:0000       INTERNALBITMAPS
 117F:0010 idle  LASTKEY
 0000:0758 idle  LDIV@
 0000:0767 idle  LMOD@
 075C:0889 idle  LOADFILE
 075C:082E idle  LOADMEM
 0000:075F idle  LUDIV@
 0000:076F idle  LUMOD@
 0000:0806 idle  LXLSH@
 0000:06FA idle  LXMUL@
 0AB1:0035 idle  MAKEWINDOW
 06F8:03FE       MALLOC
 1105:0010 idle  MBARPTR
 1105:000C idle  MBARXPOS
 1105:000E idle  MBARYPOS
 10FB:0000 idle  MEMBPTRS
 06F8:0237       MEMCPY
 075C:0437 idle  MEMGETBYTE
 075C:0376 idle  MEMSTOREBYTE
 06F8:0485 idle  MFREE
 06F8:04EF idle  MFREEALL
 1244:2138       MOUSEARROW
 094E:0279 idle  MOUSEGCH
 06F8:0353 idle  MSHRINK
 08B8:0137 idle  MYTIMERRTN
 0000:0755 idle  N_LDIV@
 0000:0764 idle  N_LMOD@
 0000:075C       N_LUDIV@
 0000:076C idle  N_LUMOD@
 0000:0803       N_LXLSH@
 0000:0C66       N_LXMUL@
 0000:0824       N_PADD@
 0000:0C7D       N_PCMP@
 0000:0884       N_PSBP@
 0000:0853 idle  N_PSUB@
 09F2:018B       OBJPARENTDRAW
 075C:0405 idle  OBUFFLUSH
 1244:0174 idle  OLDVMODE
 1244:0175 idle  OLDVMONITOR
 1244:01A8 idle  OUTPDATAPTR
 1244:0190 idle  OUTPDATARTN
 1244:01AC idle  OUTPDATASIZE
 1244:018A idle  OUTPFHAND
 1244:0194 idle  OUTPFLUSHRTN
 1244:019C idle  OUTPSEEKRTN
 0000:0827 idle  PADD@
 075C:06AA idle  PARSECL
 075C:0716 idle  PARSELINE
 1244:223C       PATTERNCOLOR
 1244:223D       PATTERNNUM
 1244:2247 idle  PATTERNPTR
 0000:0887 idle  PSBP@
 10FB:000E       PSPCURPTR
 10FB:000C       PSPSEG
 0000:0856 idle  PSUB@
 09F2:09B2       PTINOBJECT
 09F2:08EE       PTINRECT
 075C:0A24 idle  READFILEL
 094E:02E5 idle  READMOUSE
 0C06:017E       RECTANGLEUNION
 09F2:0085       REDRAWBACKGROUND
 09F2:05C5       REDRAWOBJECT
 09F2:0972       RESTOREPOPUPBACK
 075C:0911 idle  SAVEFILE
 09F2:093A       SAVEPOPUPBACK
 10FB:0002 idle  SAVETPROG
 1244:0181 idle  SBYTEBNUM
 1244:0180 idle  SBYTEBUFF
 0000:0711 idle  SCOPY@
 1244:0183 idle  SENDBYTEBUFF
 0C4B:02AB       SENDMESSAGE
 06F8:0624 idle  SETCTRLCVECTOR
 075C:015B idle  SETDESTASDISK
 075C:0115 idle  SETDESTASMEMORY
 0897:0006 idle  SETKEYSWITCH
 09F2:0608 idle  SETOBJECTFLAGS
 075C:06F5 idle  SETOTHERTERMS
 075C:00D8 idle  SETSRCASDISK
 075C:0062 idle  SETSRCASMEMORY
 075C:05D0 idle  SETTOLOWER
 075C:05E4 idle  SETTOUPPER
 06F8:00FB idle  SHELLSORT
 1244:22BF       SHIFTVALUES
 094E:0223       SHOWMOUSE
 09F2:06F4       SIZEOBJECTS
 0C4B:0000 idle  SORTEVHA
 06F8:018D       SORTRTNS
 075C:07BA idle  STRCAT
 075C:07E2 idle  STRCMP
 075C:07A7       STRCPY
 075C:02B0 idle  STRIPEXT
 075C:02DA idle  STRIPFNAME
 075C:0818       STRLEN
 1184:00CE       SYSDIALOGBAR
 1244:22EA       TEMPRECT
 10FB:0008 idle  TEMPTOP
 11BB:020C       TMSGQUEUE
 10FB:000A idle  TOPMEM
 10FB:0004 idle  TOPPROG
 10FB:0006 idle  TOPUSED
 1181:0000 idle  TTICKVAL
 0897:00F2 idle  UNINSTALLKEYBD
 094E:0294 idle  UNINSTALLMOUSE
 08B8:0062 idle  UNINSTALLTIMER
 0C4B:025A       WAITFOREVENT
 094D:000D       WINDEBUGGER
 1244:22D0       WORKRECT
 075C:09AC idle  WRITEFILEL
 1244:2252       XMAX
 1244:224E       XMIN
 1244:2254       YMAX
 1244:2250       YMIN
 0000:05AB       _ABORT
 0C4B:0083 idle  _ADDMSGBUFF
 0C4B:0023 idle  _ADDMSGQUEUE
 08B8:0179 idle  _ADDTIMERNOTIFY
 097E:0000       _ALERT
 0C8F:1259 idle  _ARC
 0000:05BB idle  _ATEXIT
 1244:2240 idle  _BACKCOLOR
 1047:0000 idle  _BACKFNAME
 1047:000D idle  _BACKPATH
 1244:2242 idle  _BACKPATTERN
 1244:2241 idle  _BACKPATTERNCOL
 1244:2243 idle  _BACKPATTERNPTR
 0C8F:1B9D       _BAR
 0C8F:1BC0 idle  _BAR3D
 0000:153A idle  _BRK
 0000:029C idle  _CHECKERRORS
 0C8F:1284 idle  _CIRCLE
 0C8F:0E67 idle  _CLEARDEVICE
 09F2:062A idle  _CLEAROBJECTFLAGS
 0C8F:0F18 idle  _CLEARVIEWPORT
 0C8F:0DC4 idle  _CLOSEGRAPH
 0AB1:0573       _DEFWINDPROC
 08B8:01DE idle  _DELTIMERNOTIFY
 0C8F:0647 idle  _DETECTGRAPH
 0000:0293 idle  _DETECTMCGA
 080B:0558       _DRAWMENUBAR
 09F2:0103 idle  _DRAWOBJECTS
 0C8F:1B5D idle  _DRAWPOLY
 0AB1:01EB       _DRAWWINDOW
 08DD:0000       _EDITTEXT
 0C8F:1C01       _ELLIPSE
 1244:0094       _ERRNO
 1244:3066 idle  _ERRORCODE
 0C4B:027C       _EVENTMANAGER
 0000:06AF       _EXIT
 06F8:05C3 idle  _EXITTEXT
 0000:1B34       _FARCORELEFT
 0000:16FA       _FARFREE
 0000:1804       _FARMALLOC
 0000:195E idle  _FARREALLOC
 0000:2190       _FFLUSH
 0875:0000       _FILEDIALOG
 0C8F:1C31 idle  _FILLELLIPSE
 0C8F:1B7D idle  _FILLPOLY
 0C8F:1E20 idle  _FLOODFILL
 0000:2221       _FLUSHALL
 0000:259E idle  _FPUTC
 0000:26E3 idle  _FPUTCHAR
 0000:2263       _FPUTS
 0000:1BB6       _FREE
 080B:0668 idle  _FREEMENU
 0000:2319       _FSEEK
 0000:2382 idle  _FTELL
 0C8F:1C9E idle  _GETARCCOORDS
 0C8F:12AE idle  _GETASPECTRATIO
 0C8F:135A idle  _GETBKCOLOR
 0C8F:1349 idle  _GETCOLOR
 09F2:005C idle  _GETCURTEXTHEIGHT
 0C8F:1D1E       _GETDEFAULTPALETTE
 0C8F:1014 idle  _GETDRIVERNAME
 0C8F:11C9 idle  _GETFILLPATTERN
 0C8F:1177 idle  _GETFILLSETTINGS
 0C8F:0D6E idle  _GETGRAPHMODE
 0C8F:1FD1 idle  _GETIMAGE
 0C8F:10C2 idle  _GETLINESETTINGS
 0C8F:1CE8       _GETMAXCOLOR
 0C8F:1D5C       _GETMAXMODE
 0C8F:0FEE idle  _GETMAXX
 0C8F:1001 idle  _GETMAXY
 0C8F:1039 idle  _GETMODENAME
 0C8F:05A3 idle  _GETMODERANGE
 0C8F:1452 idle  _GETPALETTE
 0C8F:1D03       _GETPALETTESIZE
 0C8F:1F90 idle  _GETPIXEL
 0C4B:01A8       _GETTEMPMSGBUFF
 0C4B:0181       _GETTEMPMSGWORD
 0C8F:152A idle  _GETTEXTSETTINGS
 0000:072D       _GETVECT
 0C8F:0EFA idle  _GETVIEWSETTINGS
 0C8F:0FD0 idle  _GETX
 0C8F:0FDF idle  _GETY
 0C8F:086A idle  _GRAPHDEFAULTS
 1244:3062 idle  _GRAPHDRIVER
 0C8F:0193 idle  _GRAPHERRORMSG
 1244:3064 idle  _GRAPHMODE
 0C8F:0306       _GRAPHRESULT
 0C8F:1470 idle  _IMAGESIZE
 09F2:0000       _INITGRACE
 0C8F:0930       _INITGRAPH
 0000:02B6 idle  _INITIALIZE
 06F8:0000 idle  _INSTALLSYSTEM
 0C8F:0B79       _INSTALLUSERDRIVER
 0C8F:0C50 idle  _INSTALLUSERFONT
 0000:08FE       _ISATTY
 0C8F:1B3A       _LINE
 0C8F:1085 idle  _LINEREL
 0C8F:105C idle  _LINETO
 104C:0000 idle  _LOADBACKSTR
 0000:09B1       _LSEEK
 0000:032A       _MAIN
 1244:00C4 idle  _MAINWIN
 0AB1:0000       _MAKEWINDOW
 0000:1C85       _MALLOC
 0000:244F       _MEMCPY
 0000:24FA       _MEMMOVE
 0000:2496       _MEMSET
 104E:0000       _MENUOBJECT
 1244:045C       _MOUSEPTR
 1244:0454       _MOUSEX
 1244:0456       _MOUSEY
 0C8F:0FAF idle  _MOVEREL
 0C8F:0F87 idle  _MOVETO
 0000:24B1 idle  _MOVMEM
 0000:0569       _MYFARFREE
 0000:053C       _MYFARMALLOC
 0000:038A       _MYMENUEVENTHANDLER
 0000:02F0 idle  _MYWNDPROC
 1244:0460       _OLDMOUSEPTR
 0C8F:1548 idle  _OUTTEXT
 0C8F:1E95       _OUTTEXTXY
 0000:2515 idle  _PERROR
 0C8F:12E4 idle  _PIESLICE
 0C8F:1808 idle  _POSTDEVICE
 0C8F:14A5 idle  _PUTIMAGE
 0C8F:1FB1 idle  _PUTPIXEL
 0000:2119       _RAISE
 0000:4086 idle  _RAISEEXCEPTION
 0000:1DDC       _REALLOC
 0C8F:1121 idle  _RECTANGLE
 0C06:038E idle  _RECTANGLEEXCLUSION
 0C06:0162 idle  _RECTANGLEUNION
 09F2:0075 idle  _REDRAWBACKGROUND
 09F2:05AA idle  _REDRAWOBJECT
 0C06:01E2 idle  _REFRESH1OBJECT
 0C06:0000       _REFRESHRECT
 0C8F:03E6 idle  _REGISTERFARBGIDRIVER
 0C8F:048B idle  _REGISTERFARBGIFONT
 0C8F:0D90 idle  _RESTORECRTMODE
 0000:154A idle  _SBRK
 0C8F:1C6E       _SECTOR
 0C8F:192C idle  _SETACTIVEPAGE
 0C8F:136B idle  _SETALLPALETTE
 0C8F:12CC idle  _SETASPECTRATIO
 0C8F:130F idle  _SETBKCOLOR
 0000:611E       _SETBLOCK
 0C8F:1CC7       _SETCOLOR
 0C8F:11E2 idle  _SETFILLPATTERN
 0C8F:1194 idle  _SETFILLSTYLE
 0C8F:0571 idle  _SETGRAPHBUFSIZE
 0C8F:0CEB idle  _SETGRAPHMODE
 0C8F:10E0 idle  _SETLINESTYLE
 0000:246E idle  _SETMEM
 09F2:05F0 idle  _SETOBJECTFLAGS
 0C8F:140E idle  _SETPALETTE
 0C8F:1D97 idle  _SETRGBPALETTE
 0C8F:1596 idle  _SETTEXTJUSTIFY
 0C8F:15D8 idle  _SETTEXTSTYLE
 0C8F:178D idle  _SETUSERCHARSIZE
 0000:28AB       _SETVBUF
 0000:0740       _SETVECT
 0C8F:0E83 idle  _SETVIEWPORT
 0C8F:1909 idle  _SETVISUALPAGE
 0AB1:03F7       _SETWINTITLE
 0C8F:1952       _SETWRITEMODE
 0000:2017 idle  _SIGNAL
 09F2:06D6 idle  _SIZEOBJECTS
 0000:29B9       _SPRINTF
 11B7:000C       _STARTWINHANDLE
 0000:29FA       _STRLEN
 0AB1:04E8       _SUMMONWINTOTOP
 1244:00A8 idle  _TEMPRAST
 1244:01E1 idle  _TEXTCURSORBLINK
 1244:01E0 idle  _TEXTCURSORON
 1244:01E2 idle  _TEXTCURSORPTR
 1244:01EA idle  _TEXTCURSORRATE
 1244:01EC idle  _TEXTCURSORX
 1244:01EE idle  _TEXTCURSORY
 0C8F:17B3 idle  _TEXTHEIGHT
 0C8F:1F42       _TEXTWIDTH
 0000:29DA idle  _VSPRINTF
 1244:00C6 idle  _WIN2
 1244:00C8 idle  _WIN3
 1244:3068 idle  _WINARRAY
 1244:00CA idle  _WINCNT
 094D:0000 idle  _WINDEBUGGER
 11B7:000A idle  _WINHANDLE
 1244:2CF0       __8086
 0000:0596       __ABORT
 0000:1000 idle  __AHINCR
 0000:000C idle  __AHSHIFT
 1244:2982       __ATEXITCNT
 1244:3130       __ATEXITTBL
 0C8F:1A16       __AUTODETECT
 1244:251A idle  __BACKCOLOR
 1244:2495       __BGI_ADD
 1244:22F8       __BGI_AUTO
 1244:22F4       __BGI_OVR
 0000:1A62       __BRK
 1244:00A0       __BRKLVL
 1244:0084 idle  __C0ARGC
 1244:0086 idle  __C0ARGV
 1244:0088 idle  __C0ENVIRON
 0000:06D8 idle  __CEXIT
 0000:015B       __CHECKNULL
 0000:0148       __CLEANUP
 0000:5A55 idle  __CURREXCCONTEXT
 0000:0000  Abs  __CVTFAK
 0000:06EA idle  __C_EXIT
 1244:2491       __DDO_ADD
 1244:3172 idle  __DESTRUCTORCOUNTPTR
 1244:2AF6 idle  __DOSERRNO
 0000:08EA idle  __DOSERROR
 1244:2AF8 idle  __DOSERRORTOSV
 1244:2518       __DRAWCOLOR
 1244:008A idle  __ENVLNG
 1244:008C idle  __ENVSEG
 1244:008E idle  __ENVSIZE
 0000:14A1       __EXCEPTINIT
 0000:4D3E       __EXCEPTIONHANDLER
 1244:0096 idle  __EXCEPTION_LIST
 0000:06C2       __EXIT
 1244:2984       __EXITBUF
 1244:2986 idle  __EXITFOPEN
 1244:2988 idle  __EXITOPEN
 1244:2519       __FILLCOLOR
 1244:251C       __FILLSTYLE
 1244:2CF4 idle  __FIRST
 0000:6EB0       __FMEMCMP
 0000:6ED8       __FMEMCPY
 0000:6F22       __FMEMSET
 1244:2510       __FON_ADD
 0000:2583 idle  __FPUTC
 0000:26F8       __FPUTN
 0000:6EFC idle  __FSETMEM
 0000:6F44       __FSTRCMP
 0000:403B idle  __GLOBAL_UNWIND
 0000:1B84       __GRAPHEXIT
 0000:1B94       __GRAPHFREEMEM
 0000:1BA4       __GRAPHGETMEM
 0C8F:031F idle  __GRAPHNOTINSTALLED
 0C8F:21F0       __GRP_OVR
 0C8F:1AE9       __GR_CLEARDEVICE
 0C8F:1A87       __GR_DETECTGRAPH
 1244:250E idle  __GR_ERRCODE
 0C8F:1D3B       __GR_GETMODENAME
 0C8F:19C5       __GR_IMAGESIZE
 0C8F:1B1D       __GR_LINETO
 0C8F:1B00       __GR_MOVETO
 0C8F:200E       __GR_PUTIMAGE
 0C8F:18CA       __GR_RESTORECRTMODE
 0C8F:1DDC       __GR_SETALLPALETTE
 0C8F:1D78       __GR_SETBKCOLOR
 0C8F:1975       __GR_SETFILLPATTERN
 0C8F:1E65       __GR_SETFILLSTYLE
 0C8F:1894       __GR_SETGRAPHMODE
 0C8F:1DF7       __GR_SETLINESTYLE
 0C8F:1DBD       __GR_SETPALETTE
 0C8F:19A8       __GR_SETTEXTJUSTIFY
 0C8F:1ECB       __GR_SETTEXTSTYLE
 0C8F:1F1C       __GR_SETUSERCHARSIZE
 0C8F:1868       __GR_SETVIEWPORT
 0C8F:1F6F       __GR_TEXTHEIGHT
 1244:009C       __HEAPBASE
 1244:2AF4       __HEAPLEN
 1244:00A4       __HEAPTOP
 0C8F:1AC4       __INITDEVICE
 0C8F:181F       __INSTALLDEVICE
 1244:0074 idle  __INT0VECTOR
 1244:0078 idle  __INT4VECTOR
 1244:007C idle  __INT5VECTOR
 1244:0080 idle  __INT6VECTOR
 0000:08AC       __IOERROR
 1244:2CF6 idle  __LAST
 1244:251B       __LINESTYLE
 0000:4C6B idle  __LOCAL_UNWIND
 0000:0913       __LONGTOA
 0000:0291       __MMODEL
 1244:2B56 idle  __NEW_HANDLER
 1244:2ACA       __NFILE
 1244:2ACC       __OPENFD
 1244:0092 idle  __OSMAJOR
 1244:0093 idle  __OSMINOR
 1244:0092 idle  __OSVERSION
 1244:2523 idle  __OVERSCANCOLOR
 1244:0090       __PSP
 0000:611A       __REALCVT
 1244:3036       __REALCVTVECTOR
 0C8F:1824       __REINSTALLDEVICE
 0000:01DD       __RESTOREZERO
 0000:4C8B idle  __RETURN_UNWIND
 1244:2CF8 idle  __ROVER
 0000:2B3B       __RTL_WRITE
 0000:1AA5       __SBRK
 1244:3038 idle  __SCANTODVECTOR
 0000:0C9E       __SETUPIO
 1244:2514       __STATOFS
 1244:2516       __STATSEG
 1244:2B66       __STKLEN
 1244:298A       __STREAMS
 1244:2D16 idle  __SYS_ERRLIST
 1244:2D76       __SYS_NERR
 0000:0182       __TERMINATE
 0000:0990 idle  __UTOA
 1244:0092 idle  __VERSION
 0000:0D51       __VPRINTER
 0000:2B78 idle  __WRITE
 0000:2B90       __XFFLUSH
 0000:14DF       ___BRK
 1244:009A       ___BRKLVL
 0000:12EF       ___CALL_TERMINATE
 0000:1397       ___CALL_UNEXPECTED
 1244:2BD0 idle  ___CPPEXCEPTIONLIST
 0000:063B       ___ERRORMESSAGE
 1244:2BD4 idle  ___EXCEPTFLAGS
 1244:2BF0 idle  ___EXCEPTIONNAMEBUFF
 1244:2BEE idle  ___EXCEPTMEMALLOCVARS
 1244:2BEC idle  ___EXCEPTSTATICBUFFP
 1244:2C70 idle  ___EXCEPTSTATICXBUFF
 0000:1276       ___EXITEXCEPTBLOCKS
 0000:15BA idle  ___FIRST
 1244:0098 idle  ___HEAPBASE
 0000:1210       ___INITEXCEPTBLOCKS
 0000:3089 idle  ___JUMPTOCATCH__
 0000:15BC idle  ___LAST
 0C8F:0178 idle  ___MOVE
 0000:15BE idle  ___ROVER
 1244:2BD6 idle  ___SAVEDDS
 1244:2BD8 idle  ___SAVEDSI
 0000:1505       ___SBRK
 1244:3170       ___SIGNALPTR
 1244:2BDA idle  ___TERMINATEPTR
 1244:2BE2 idle  ___TERMINATE_DS
 1244:2BEA idle  ___THROWEXCEPTIONNAME
 1244:2BE6 idle  ___THROWFILENAME
 1244:2BE8 idle  ___THROWLINENUMBER
 1244:2BDE idle  ___UNEXPECTDPTR
 1244:2BE4 idle  ___UNEXPECTD_DS
 0000:2A16       ___WRITE
 1244:2B52       ___XALLOC

  Address         Publics by Value

 0000:0000  Abs  __CVTFAK
 0000:000C idle  __AHSHIFT
 0000:1000 idle  __AHINCR
 0000:0148       __CLEANUP
 0000:015B       __CHECKNULL
 0000:0182       __TERMINATE
 0000:01DD       __RESTOREZERO
 0000:028F idle  DGROUP@
 0000:0291       __MMODEL
 0000:0293 idle  _DETECTMCGA
 0000:029C idle  _CHECKERRORS
 0000:02B6 idle  _INITIALIZE
 0000:02F0 idle  _MYWNDPROC
 0000:032A       _MAIN
 0000:038A       _MYMENUEVENTHANDLER
 0000:053C       _MYFARMALLOC
 0000:0569       _MYFARFREE
 0000:0596       __ABORT
 0000:05AB       _ABORT
 0000:05BB idle  _ATEXIT
 0000:05E3       operator delete(void near*)
 0000:05F3       operator delete[](void near*)
 0000:0603       operator delete(void far*)
 0000:0627       operator delete[](void far*)
 0000:063B       ___ERRORMESSAGE
 0000:06AF       _EXIT
 0000:06C2       __EXIT
 0000:06D8 idle  __CEXIT
 0000:06EA idle  __C_EXIT
 0000:06FA       F_LXMUL@
 0000:06FA idle  LXMUL@
 0000:0711       F_SCOPY@
 0000:0711 idle  SCOPY@
 0000:072D       _GETVECT
 0000:0740       _SETVECT
 0000:0755 idle  N_LDIV@
 0000:0758 idle  LDIV@
 0000:0758       F_LDIV@
 0000:075C       N_LUDIV@
 0000:075F idle  F_LUDIV@
 0000:075F idle  LUDIV@
 0000:0764 idle  N_LMOD@
 0000:0767 idle  LMOD@
 0000:0767 idle  F_LMOD@
 0000:076C idle  N_LUMOD@
 0000:076F idle  LUMOD@
 0000:076F idle  F_LUMOD@
 0000:0803       N_LXLSH@
 0000:0806 idle  LXLSH@
 0000:0806 idle  F_LXLSH@
 0000:0824       N_PADD@
 0000:0827 idle  F_PADD@
 0000:0827 idle  PADD@
 0000:0853 idle  N_PSUB@
 0000:0856 idle  PSUB@
 0000:0856 idle  F_PSUB@
 0000:0884       N_PSBP@
 0000:0887 idle  F_PSBP@
 0000:0887 idle  PSBP@
 0000:08AC       __IOERROR
 0000:08EA idle  __DOSERROR
 0000:08FE       _ISATTY
 0000:0913       __LONGTOA
 0000:0990 idle  __UTOA
 0000:09B1       _LSEEK
 0000:09FA idle  xnew_handler()
 0000:0A56 idle  set_new_handler(void(near*)())
 0000:0A73       operator new(unsigned int)
 0000:0C66       N_LXMUL@
 0000:0C7D       N_PCMP@
 0000:0C9E       __SETUPIO
 0000:0D51       __VPRINTER
 0000:1204       __refdestructorcount()
 0000:120A idle  __refexceptionlist()
 0000:1210       ___INITEXCEPTBLOCKS
 0000:1276       ___EXITEXCEPTBLOCKS
 0000:1289 idle  terminate()
 0000:1291 idle  set_terminate(void(near*)())
 0000:12EF       ___CALL_TERMINATE
 0000:1359 idle  unexpected()
 0000:1361 idle  set_unexpected(void(near*)())
 0000:1397       ___CALL_UNEXPECTED
 0000:13D9 idle  __getpolymorphicdtc(void far*,unsigned int)
 0000:143B idle  __getpolymorphicdtcfar(void far*,unsigned int)
 0000:14A1       __EXCEPTINIT
 0000:14DF       ___BRK
 0000:1505       ___SBRK
 0000:153A idle  _BRK
 0000:154A idle  _SBRK
 0000:15BA idle  ___FIRST
 0000:15BC idle  ___LAST
 0000:15BE idle  ___ROVER
 0000:16FA       _FARFREE
 0000:1804       _FARMALLOC
 0000:195E idle  _FARREALLOC
 0000:1A62       __BRK
 0000:1AA5       __SBRK
 0000:1B34       _FARCORELEFT
 0000:1B84       __GRAPHEXIT
 0000:1B94       __GRAPHFREEMEM
 0000:1BA4       __GRAPHGETMEM
 0000:1BB6       _FREE
 0000:1C85       _MALLOC
 0000:1DDC       _REALLOC
 0000:2017 idle  _SIGNAL
 0000:2119       _RAISE
 0000:2190       _FFLUSH
 0000:2221       _FLUSHALL
 0000:2263       _FPUTS
 0000:2319       _FSEEK
 0000:2382 idle  _FTELL
 0000:244F       _MEMCPY
 0000:246E idle  _SETMEM
 0000:2496       _MEMSET
 0000:24B1 idle  _MOVMEM
 0000:24FA       _MEMMOVE
 0000:2515 idle  _PERROR
 0000:2583 idle  __FPUTC
 0000:259E idle  _FPUTC
 0000:26E3 idle  _FPUTCHAR
 0000:26F8       __FPUTN
 0000:28AB       _SETVBUF
 0000:29B9       _SPRINTF
 0000:29DA idle  _VSPRINTF
 0000:29FA       _STRLEN
 0000:2A16       ___WRITE
 0000:2B3B       __RTL_WRITE
 0000:2B78 idle  __WRITE
 0000:2B90       __XFFLUSH
 0000:2BC5       xalloc::xalloc(const string near&,unsigned int)
 0000:2C2E       xalloc::raise()
 0000:2D9E       xmsg::xmsg(const string near&)
 0000:2E41       xmsg::xmsg(const xmsg near&)
 0000:2EC2       xmsg::~xmsg()
 0000:2F1A idle  xmsg::raise()
 0000:2F80 idle  xmsg::operator =(const xmsg near&)
 0000:3089 idle  ___JUMPTOCATCH__
 0000:3EBE       _throwexception(void far*,void far*,void far*,void far*,unsigned int,unsigned int,unsigned int,unsigned char near*)
 0000:3F0E idle  _rethrowexception(unsigned int,unsigned char near*)
 0000:403B idle  __GLOBAL_UNWIND
 0000:4086 idle  _RAISEEXCEPTION
 0000:4642       _catchcleanup()
 0000:4C6B idle  __LOCAL_UNWIND
 0000:4C8B idle  __RETURN_UNWIND
 0000:4D3E       __EXCEPTIONHANDLER
 0000:5A55 idle  __CURREXCCONTEXT
 0000:5AA6 idle  __throwfilename()
 0000:5AB3 idle  __throwlinenumber()
 0000:5AC0 idle  __throwexceptionname()
 0000:5ACD idle  typeinfo::typeinfo(const typeinfo near&)
 0000:5B28 idle  typeinfo::operator =(const typeinfo near&)
 0000:5B34 idle  typeinfo::~typeinfo()
 0000:5B5C idle  typeinfo::operator ==(const typeinfo near&) const
 0000:5B7F idle  typeinfo::operator !=(const typeinfo near&) const
 0000:5B99 idle  typeinfo::before(const typeinfo near&) const
 0000:5BFC idle  typeinfo::name() const
 0000:5C15 idle  __gettypeinfo(void far*,void far*,void far*,void far*)
 0000:5F03 idle  __dynamiccast(void far*,void far*,void far*,void far*,int)
 0000:611A       __REALCVT
 0000:611E       _SETBLOCK
 0000:614C       string::string(const string near&)
 0000:6286       string::string(const char near*)
 0000:64F6       string::~string()
 0000:65A5 idle  string::assert_element(unsigned int) const
 0000:668C idle  string::assert_index(unsigned int) const
 0000:6773 idle  tsubstring::assert_element(unsigned int) const
 0000:6814       tstringref::tstringref(const char near*,unsigned int,const char near*,unsigned int,unsigned int)
 0000:68C8       tstringref::~tstringref()
 0000:6924 idle  tstringref::reserve(unsigned int)
 0000:6986 idle  tstringref::check_freeboard()
 0000:69EA idle  tstringref::grow_to(unsigned int)
 0000:6A3B idle  tstringref::round_capacity(unsigned int)
 0000:6A88 idle  tstringref::splice(unsigned int,unsigned int,const char near*,unsigned int)
 0000:6BC7 idle  string::set_case_sensitive(int)
 0000:6BE4 idle  string::set_paranoid_check(int)
 0000:6C01 idle  string::skip_whitespace(int)
 0000:6C1E idle  string::initial_capacity(unsigned int)
 0000:6C3B idle  string::resize_increment(unsigned int)
 0000:6C65 idle  string::max_waste(unsigned int)
 0000:6EB0       __FMEMCMP
 0000:6ED8       __FMEMCPY
 0000:6EFC idle  __FSETMEM
 0000:6F22       __FMEMSET
 0000:6F44       __FSTRCMP
 06F8:0000 idle  _INSTALLSYSTEM
 06F8:0000 idle  INIT
 06F8:00FB idle  SHELLSORT
 06F8:018D       SORTRTNS
 06F8:01D3       EXECUTERTNS
 06F8:0237       MEMCPY
 06F8:0353 idle  MSHRINK
 06F8:03FE       MALLOC
 06F8:0485 idle  MFREE
 06F8:04EF idle  MFREEALL
 06F8:05C3 idle  _EXITTEXT
 06F8:0606 idle  CLEANUP
 06F8:0624 idle  SETCTRLCVECTOR
 075C:0024 idle  GETFIRSTFILENAME
 075C:0049 idle  GETNEXTFILENAME
 075C:0062 idle  SETSRCASMEMORY
 075C:0098 idle  GETFILESIZE
 075C:00D8 idle  SETSRCASDISK
 075C:0115 idle  SETDESTASMEMORY
 075C:015B idle  SETDESTASDISK
 075C:0284 idle  GETCHAR
 075C:0287 idle  GETCHARRTN
 075C:0289 idle  GETDOSCHAR
 075C:02B0 idle  STRIPEXT
 075C:02DA idle  STRIPFNAME
 075C:0312 idle  BUFFGETBYTE
 075C:0376 idle  MEMSTOREBYTE
 075C:03AF idle  BUFFSTOREBYTE
 075C:0405 idle  OBUFFLUSH
 075C:0437 idle  MEMGETBYTE
 075C:04A2 idle  HEXTOBCD
 075C:04E6 idle  BCDTODEC
 075C:0532       HEXTODEC
 075C:057F idle  HEXTOASC
 075C:05D0 idle  SETTOLOWER
 075C:05E4 idle  SETTOUPPER
 075C:05F8 idle  CHECKSWITCHES
 075C:06AA idle  PARSECL
 075C:06F5 idle  SETOTHERTERMS
 075C:0716 idle  PARSELINE
 075C:07A7       STRCPY
 075C:07BA idle  STRCAT
 075C:07E2 idle  STRCMP
 075C:0818       STRLEN
 075C:082E idle  LOADMEM
 075C:0889 idle  LOADFILE
 075C:0911 idle  SAVEFILE
 075C:09AC idle  WRITEFILEL
 075C:0A24 idle  READFILEL
 075C:0A9C idle  ATOI
 080B:0558       _DRAWMENUBAR
 080B:056E idle  DRAWMENUBAR
 080B:0668 idle  _FREEMENU
 080B:0668 idle  FREEMENU
 0875:0000       _FILEDIALOG
 0875:0024 idle  FILEDIALOG
 0891:0000       BEEP
 0897:0006 idle  SETKEYSWITCH
 0897:0038 idle  GETKEYSWITCH
 0897:00AF idle  INSTALLKEYBD
 0897:00F2 idle  UNINSTALLKEYBD
 0897:01C9 idle  GETBITMAPKEY
 08B8:0006 idle  INSTALLTIMER
 08B8:0062 idle  UNINSTALLTIMER
 08B8:0137 idle  MYTIMERRTN
 08B8:0179 idle  _ADDTIMERNOTIFY
 08B8:0189       ADDTIMERNOTIFY
 08B8:01DE idle  _DELTIMERNOTIFY
 08B8:01EE idle  DELTIMERNOTIFY
 08DD:0000       _EDITTEXT
 0947:0000       DIVU32
 094D:0000 idle  _WINDEBUGGER
 094D:000D       WINDEBUGGER
 094E:012C idle  INITMOUSE
 094E:01BD       FINDMOUSEDRIVER
 094E:01ED       HIDEMOUSE
 094E:0223       SHOWMOUSE
 094E:0279 idle  MOUSEGCH
 094E:0294 idle  UNINSTALLMOUSE
 094E:02E5 idle  READMOUSE
 097E:0000       _ALERT
 097E:0020 idle  ALERT
 097E:0309       DODIALOG
 09F2:0000       _INITGRACE
 09F2:005C       GETCURTEXTHEIGHT
 09F2:005C idle  _GETCURTEXTHEIGHT
 09F2:0075 idle  _REDRAWBACKGROUND
 09F2:0085       REDRAWBACKGROUND
 09F2:0103 idle  _DRAWOBJECTS
 09F2:0119 idle  DRAWONEOBJECT
 09F2:0124       DRAWOBJECTS
 09F2:018B       OBJPARENTDRAW
 09F2:0539       GLOBALSETCLIP
 09F2:05AA idle  _REDRAWOBJECT
 09F2:05C5       REDRAWOBJECT
 09F2:05F0 idle  _SETOBJECTFLAGS
 09F2:0608 idle  SETOBJECTFLAGS
 09F2:062A idle  _CLEAROBJECTFLAGS
 09F2:0642 idle  CLEAROBJECTFLAGS
 09F2:0666 idle  BGIDEFAULTS
 09F2:06D6 idle  _SIZEOBJECTS
 09F2:06F4       SIZEOBJECTS
 09F2:08EE       PTINRECT
 09F2:0923       BGIUTIL
 09F2:093A       SAVEPOPUPBACK
 09F2:0972       RESTOREPOPUPBACK
 09F2:09B2       PTINOBJECT
 09F2:0AF3       FINDOBJECTID
 0AB1:0000       _MAKEWINDOW
 0AB1:0035 idle  MAKEWINDOW
 0AB1:01EB       _DRAWWINDOW
 0AB1:03F7       _SETWINTITLE
 0AB1:04E8       _SUMMONWINTOTOP
 0AB1:0573       _DEFWINDPROC
 0C06:0000       _REFRESHRECT
 0C06:0162 idle  _RECTANGLEUNION
 0C06:017E       RECTANGLEUNION
 0C06:01E2 idle  _REFRESH1OBJECT
 0C06:038E idle  _RECTANGLEEXCLUSION
 0C4B:0000 idle  SORTEVHA
 0C4B:0023 idle  _ADDMSGQUEUE
 0C4B:0030       ADDMSGQUEUE
 0C4B:0083 idle  _ADDMSGBUFF
 0C4B:0097       ADDMSGBUFF
 0C4B:0139       GETMSGQUEUE
 0C4B:0181       GETTEMPMSGWORD
 0C4B:0181       _GETTEMPMSGWORD
 0C4B:01A8       _GETTEMPMSGBUFF
 0C4B:01BB       GETTEMPMSGBUFF
 0C4B:01FE       GETMSGBUFF
 0C4B:025A       WAITFOREVENT
 0C4B:027C       _EVENTMANAGER
 0C4B:027C idle  EVENTMANAGER
 0C4B:02AB       SENDMESSAGE
 0C4B:02D0       CLEARMESSAGEPARMS
 0C8F:0178 idle  ___MOVE
 0C8F:0193 idle  _GRAPHERRORMSG
 0C8F:0306       _GRAPHRESULT
 0C8F:031F idle  __GRAPHNOTINSTALLED
 0C8F:03E6 idle  _REGISTERFARBGIDRIVER
 0C8F:048B idle  _REGISTERFARBGIFONT
 0C8F:0571 idle  _SETGRAPHBUFSIZE
 0C8F:05A3 idle  _GETMODERANGE
 0C8F:0647 idle  _DETECTGRAPH
 0C8F:086A idle  _GRAPHDEFAULTS
 0C8F:0930       _INITGRAPH
 0C8F:0B79       _INSTALLUSERDRIVER
 0C8F:0C50 idle  _INSTALLUSERFONT
 0C8F:0CEB idle  _SETGRAPHMODE
 0C8F:0D6E idle  _GETGRAPHMODE
 0C8F:0D90 idle  _RESTORECRTMODE
 0C8F:0DC4 idle  _CLOSEGRAPH
 0C8F:0E67 idle  _CLEARDEVICE
 0C8F:0E83 idle  _SETVIEWPORT
 0C8F:0EFA idle  _GETVIEWSETTINGS
 0C8F:0F18 idle  _CLEARVIEWPORT
 0C8F:0F87 idle  _MOVETO
 0C8F:0FAF idle  _MOVEREL
 0C8F:0FD0 idle  _GETX
 0C8F:0FDF idle  _GETY
 0C8F:0FEE idle  _GETMAXX
 0C8F:1001 idle  _GETMAXY
 0C8F:1014 idle  _GETDRIVERNAME
 0C8F:1039 idle  _GETMODENAME
 0C8F:105C idle  _LINETO
 0C8F:1085 idle  _LINEREL
 0C8F:10C2 idle  _GETLINESETTINGS
 0C8F:10E0 idle  _SETLINESTYLE
 0C8F:1121 idle  _RECTANGLE
 0C8F:1177 idle  _GETFILLSETTINGS
 0C8F:1194 idle  _SETFILLSTYLE
 0C8F:11C9 idle  _GETFILLPATTERN
 0C8F:11E2 idle  _SETFILLPATTERN
 0C8F:1259 idle  _ARC
 0C8F:1284 idle  _CIRCLE
 0C8F:12AE idle  _GETASPECTRATIO
 0C8F:12CC idle  _SETASPECTRATIO
 0C8F:12E4 idle  _PIESLICE
 0C8F:130F idle  _SETBKCOLOR
 0C8F:1349 idle  _GETCOLOR
 0C8F:135A idle  _GETBKCOLOR
 0C8F:136B idle  _SETALLPALETTE
 0C8F:140E idle  _SETPALETTE
 0C8F:1452 idle  _GETPALETTE
 0C8F:1470 idle  _IMAGESIZE
 0C8F:14A5 idle  _PUTIMAGE
 0C8F:152A idle  _GETTEXTSETTINGS
 0C8F:1548 idle  _OUTTEXT
 0C8F:1596 idle  _SETTEXTJUSTIFY
 0C8F:15D8 idle  _SETTEXTSTYLE
 0C8F:178D idle  _SETUSERCHARSIZE
 0C8F:17B3 idle  _TEXTHEIGHT
 0C8F:17C4 idle  @dgroup
 0C8F:1808 idle  _POSTDEVICE
 0C8F:181F       __INSTALLDEVICE
 0C8F:1824       __REINSTALLDEVICE
 0C8F:1868       __GR_SETVIEWPORT
 0C8F:1894       __GR_SETGRAPHMODE
 0C8F:18CA       __GR_RESTORECRTMODE
 0C8F:1909 idle  _SETVISUALPAGE
 0C8F:192C idle  _SETACTIVEPAGE
 0C8F:1952       _SETWRITEMODE
 0C8F:1975       __GR_SETFILLPATTERN
 0C8F:19A8       __GR_SETTEXTJUSTIFY
 0C8F:19C5       __GR_IMAGESIZE
 0C8F:1A16       __AUTODETECT
 0C8F:1A87       __GR_DETECTGRAPH
 0C8F:1AC4       __INITDEVICE
 0C8F:1AE9       __GR_CLEARDEVICE
 0C8F:1B00       __GR_MOVETO
 0C8F:1B1D       __GR_LINETO
 0C8F:1B3A       _LINE
 0C8F:1B5D idle  _DRAWPOLY
 0C8F:1B7D idle  _FILLPOLY
 0C8F:1B9D       _BAR
 0C8F:1BC0 idle  _BAR3D
 0C8F:1C01       _ELLIPSE
 0C8F:1C31 idle  _FILLELLIPSE
 0C8F:1C6E       _SECTOR
 0C8F:1C9E idle  _GETARCCOORDS
 0C8F:1CC7       _SETCOLOR
 0C8F:1CE8       _GETMAXCOLOR
 0C8F:1D03       _GETPALETTESIZE
 0C8F:1D1E       _GETDEFAULTPALETTE
 0C8F:1D3B       __GR_GETMODENAME
 0C8F:1D5C       _GETMAXMODE
 0C8F:1D78       __GR_SETBKCOLOR
 0C8F:1D97 idle  _SETRGBPALETTE
 0C8F:1DBD       __GR_SETPALETTE
 0C8F:1DDC       __GR_SETALLPALETTE
 0C8F:1DF7       __GR_SETLINESTYLE
 0C8F:1E20 idle  _FLOODFILL
 0C8F:1E65       __GR_SETFILLSTYLE
 0C8F:1E95       _OUTTEXTXY
 0C8F:1ECB       __GR_SETTEXTSTYLE
 0C8F:1F1C       __GR_SETUSERCHARSIZE
 0C8F:1F42       _TEXTWIDTH
 0C8F:1F6F       __GR_TEXTHEIGHT
 0C8F:1F90 idle  _GETPIXEL
 0C8F:1FB1 idle  _PUTPIXEL
 0C8F:1FD1 idle  _GETIMAGE
 0C8F:200E       __GR_PUTIMAGE
 0C8F:21F0       __GRP_OVR
 1047:0000 idle  _BACKFNAME
 1047:000D idle  _BACKPATH
 104C:0000 idle  _LOADBACKSTR
 104E:0000       _MENUOBJECT
 10FB:0000 idle  MEMBPTRS
 10FB:0002 idle  SAVETPROG
 10FB:0004 idle  TOPPROG
 10FB:0006 idle  TOPUSED
 10FB:0008 idle  TEMPTOP
 10FB:000A idle  TOPMEM
 10FB:000C       PSPSEG
 10FB:000E       PSPCURPTR
 1105:000C idle  MBARXPOS
 1105:000E idle  MBARYPOS
 1105:0010 idle  MBARPTR
 117F:0010 idle  LASTKEY
 117F:0012       INKEY
 1181:0000 idle  TTICKVAL
 1184:00CE       SYSDIALOGBAR
 1184:00FA       DIALOGX
 1184:00FC       DIALOGY
 1184:00FE idle  DIALOGW
 1184:0100 idle  DIALOGH
 11A5:0000       INTERNALBITMAPS
 11B7:000A idle  _WINHANDLE
 11B7:000C       _STARTWINHANDLE
 11BB:020C       TMSGQUEUE
 1244:0000 idle  DATASEG@
 1244:0074 idle  __INT0VECTOR
 1244:0078 idle  __INT4VECTOR
 1244:007C idle  __INT5VECTOR
 1244:0080 idle  __INT6VECTOR
 1244:0084 idle  __C0ARGC
 1244:0086 idle  __C0ARGV
 1244:0088 idle  __C0ENVIRON
 1244:008A idle  __ENVLNG
 1244:008C idle  __ENVSEG
 1244:008E idle  __ENVSIZE
 1244:0090       __PSP
 1244:0092 idle  __VERSION
 1244:0092 idle  __OSVERSION
 1244:0092 idle  __OSMAJOR
 1244:0093 idle  __OSMINOR
 1244:0094       _ERRNO
 1244:0096 idle  __EXCEPTION_LIST
 1244:0098 idle  ___HEAPBASE
 1244:009A       ___BRKLVL
 1244:009C       __HEAPBASE
 1244:00A0       __BRKLVL
 1244:00A4       __HEAPTOP
 1244:00A8 idle  _TEMPRAST
 1244:00C4 idle  _MAINWIN
 1244:00C6 idle  _WIN2
 1244:00C8 idle  _WIN3
 1244:00CA idle  _WINCNT
 1244:0174 idle  OLDVMODE
 1244:0175 idle  OLDVMONITOR
 1244:0180 idle  SBYTEBUFF
 1244:0181 idle  SBYTEBNUM
 1244:0183 idle  SENDBYTEBUFF
 1244:0185 idle  DBYTEBUFF
 1244:0186 idle  DBYTEBNUM
 1244:0188 idle  INPFHAND
 1244:018A idle  OUTPFHAND
 1244:018C idle  INPDATARTN
 1244:0190 idle  OUTPDATARTN
 1244:0194 idle  OUTPFLUSHRTN
 1244:0198 idle  INPSEEKRTN
 1244:019C idle  OUTPSEEKRTN
 1244:01A0 idle  INPDATAPTR
 1244:01A4 idle  INPDATASIZE
 1244:01A8 idle  OUTPDATAPTR
 1244:01AC idle  OUTPDATASIZE
 1244:01B0 idle  DESTMEMORY
 1244:01D3 idle  CURDTAPTR
 1244:01E0 idle  _TEXTCURSORON
 1244:01E1 idle  _TEXTCURSORBLINK
 1244:01E2 idle  _TEXTCURSORPTR
 1244:01EA idle  _TEXTCURSORRATE
 1244:01EC idle  _TEXTCURSORX
 1244:01EE idle  _TEXTCURSORY
 1244:0454       _MOUSEX
 1244:0456       _MOUSEY
 1244:045C       _MOUSEPTR
 1244:0460       _OLDMOUSEPTR
 1244:2138       MOUSEARROW
 1244:223C       PATTERNCOLOR
 1244:223D       PATTERNNUM
 1244:223E       DRAWCOLOR
 1244:223F       DRAWMODE
 1244:2240       BACKCOLOR
 1244:2240 idle  _BACKCOLOR
 1244:2241 idle  _BACKPATTERNCOL
 1244:2242 idle  _BACKPATTERN
 1244:2243 idle  _BACKPATTERNPTR
 1244:2247 idle  PATTERNPTR
 1244:224E       XMIN
 1244:2250       YMIN
 1244:2252       XMAX
 1244:2254       YMAX
 1244:2256       CURTEXTHEIGHT
 1244:22BE       GNULLSTR
 1244:22BF       SHIFTVALUES
 1244:22D0       WORKRECT
 1244:22EA       TEMPRECT
 1244:22F4       __BGI_OVR
 1244:22F8       __BGI_AUTO
 1244:2491       __DDO_ADD
 1244:2495       __BGI_ADD
 1244:250E idle  __GR_ERRCODE
 1244:2510       __FON_ADD
 1244:2514       __STATOFS
 1244:2516       __STATSEG
 1244:2518       __DRAWCOLOR
 1244:2519       __FILLCOLOR
 1244:251A idle  __BACKCOLOR
 1244:251B       __LINESTYLE
 1244:251C       __FILLSTYLE
 1244:2523 idle  __OVERSCANCOLOR
 1244:2982       __ATEXITCNT
 1244:2984       __EXITBUF
 1244:2986 idle  __EXITFOPEN
 1244:2988 idle  __EXITOPEN
 1244:298A       __STREAMS
 1244:2ACA       __NFILE
 1244:2ACC       __OPENFD
 1244:2AF4       __HEAPLEN
 1244:2AF6 idle  __DOSERRNO
 1244:2AF8 idle  __DOSERRORTOSV
 1244:2B52       ___XALLOC
 1244:2B56 idle  __NEW_HANDLER
 1244:2B66       __STKLEN
 1244:2BD0 idle  ___CPPEXCEPTIONLIST
 1244:2BD4 idle  ___EXCEPTFLAGS
 1244:2BD6 idle  ___SAVEDDS
 1244:2BD8 idle  ___SAVEDSI
 1244:2BDA idle  ___TERMINATEPTR
 1244:2BDE idle  ___UNEXPECTDPTR
 1244:2BE2 idle  ___TERMINATE_DS
 1244:2BE4 idle  ___UNEXPECTD_DS
 1244:2BE6 idle  ___THROWFILENAME
 1244:2BE8 idle  ___THROWLINENUMBER
 1244:2BEA idle  ___THROWEXCEPTIONNAME
 1244:2BEC idle  ___EXCEPTSTATICBUFFP
 1244:2BEE idle  ___EXCEPTMEMALLOCVARS
 1244:2BF0 idle  ___EXCEPTIONNAMEBUFF
 1244:2C70 idle  ___EXCEPTSTATICXBUFF
 1244:2CF0       __8086
 1244:2CF4 idle  __FIRST
 1244:2CF6 idle  __LAST
 1244:2CF8 idle  __ROVER
 1244:2D16 idle  __SYS_ERRLIST
 1244:2D76       __SYS_NERR
 1244:2FD0 idle  string::case_sensitive
 1244:2FD2 idle  string::paranoid_check
 1244:2FD4 idle  string::skip_white
 1244:2FD6 idle  string::initial_capac
 1244:2FD8 idle  string::resize_inc
 1244:2FDA idle  string::freeboard
 1244:3036       __REALCVTVECTOR
 1244:3038 idle  __SCANTODVECTOR
 1244:3062 idle  _GRAPHDRIVER
 1244:3064 idle  _GRAPHMODE
 1244:3066 idle  _ERRORCODE
 1244:3068 idle  _WINARRAY
 1244:3130       __ATEXITTBL
 1244:3170       ___SIGNALPTR
 1244:3172 idle  __DESTRUCTORCOUNTPTR
 156D:0080 idle  ENDSTACK

Program entry point at 0000:0000

